Adjacency list of G':
(0, 1): (1, 3), (1, 2)
(1, 2): (1, 3), (0, 1)
(1, 3): (3, 4), (1, 2), (0, 1)
(3, 4): (4, 5), (1, 3)
(4, 5): (3, 4)

Critical points:
(1, 3)
Components:
(0, 1)(1, 2)
(3, 4)(4, 5)

(3, 4)
Components:
(0, 1)(1, 3)(1, 2)
(4, 5)

